myI2C_2.c:5:6:I2C_Init	32	static
myI2C_2.c:18:6:I2C_Start	8	static
myI2C_2.c:28:6:I2C_Stop	8	static
myI2C_2.c:38:6:I2C_Send_Byte	24	static
myI2C_2.c:58:6:I2C_Ack	8	static
myI2C_2.c:68:6:I2C_NAck	8	static
myI2C_2.c:78:9:I2C_Read_Byte	24	static
myI2C_2.c:99:9:I2C_Wait_Ack	16	static
myI2C_2.c:117:6:I2C_Cmd_Write	16	static
myI2C_2.c:134:9:I2C_Write	16	static
myI2C_2.c:158:9:Read_I2C	16	static
myI2C_2.c:177:9:I2C_ReadMulti	16	static
myI2C_2.c:204:9:I2C_WriteMulti	24	static
myI2C_2.c:225:13:DelayMicroSeconds	24	static,ignoring_inline_asm
