myI2C_2.c:6:6:I2C_Init	24	static
myI2C_2.c:21:6:I2C_Start	8	static
myI2C_2.c:32:6:I2C_Stop	8	static
myI2C_2.c:43:6:I2C_Send_Byte	24	static
myI2C_2.c:67:6:I2C_SendACK	8	static
myI2C_2.c:78:6:I2C_SendNACK	8	static
myI2C_2.c:89:9:I2C_Read_Byte	24	static
myI2C_2.c:117:9:I2C_Wait_Ack	16	static
myI2C_2.c:139:6:I2C_Cmd_Write	16	static
myI2C_2.c:157:9:I2C_Write	16	static
myI2C_2.c:185:9:Read_I2C	16	static
myI2C_2.c:205:9:I2C_ReadMulti	16	static
myI2C_2.c:234:9:I2C_WriteMulti	24	static
myI2C_2.c:258:13:delay_ms	24	static,ignoring_inline_asm
