stm32f1xx_it.c:75:6:NMI_Handler	4	static
stm32f1xx_it.c:88:6:HardFault_Handler	4	static
stm32f1xx_it.c:103:6:MemManage_Handler	4	static
stm32f1xx_it.c:118:6:BusFault_Handler	4	static
stm32f1xx_it.c:133:6:UsageFault_Handler	4	static
stm32f1xx_it.c:148:6:SVC_Handler	4	static
stm32f1xx_it.c:161:6:DebugMon_Handler	4	static
stm32f1xx_it.c:174:6:PendSV_Handler	4	static
stm32f1xx_it.c:187:6:SysTick_Handler	4	static
stm32f1xx_it.c:207:6:RCC_IRQHandler	4	static
stm32f1xx_it.c:220:6:DMA1_Channel6_IRQHandler	8	static
stm32f1xx_it.c:234:6:DMA1_Channel7_IRQHandler	8	static
stm32f1xx_it.c:248:6:EXTI9_5_IRQHandler	8	static
stm32f1xx_it.c:264:6:TIM4_IRQHandler	8	static
stm32f1xx_it.c:278:6:I2C1_EV_IRQHandler	8	static
stm32f1xx_it.c:292:6:USART2_IRQHandler	8	static
